Archive member included to satisfy reference by file (symbol)

d:/arm/atollic/truestudio/truestudio for stm32 9.1.0/armtools/bin/../lib/gcc/arm-atollic-eabi/6.3.1/../../../../arm-atollic-eabi/lib/armv7-m\libc_nano.a(lib_a-init.o)
                              startup\startup_stm32f103xb.o (__libc_init_array)
d:/arm/atollic/truestudio/truestudio for stm32 9.1.0/armtools/bin/../lib/gcc/arm-atollic-eabi/6.3.1/../../../../arm-atollic-eabi/lib/armv7-m\libc_nano.a(lib_a-memset.o)
                              Core\Src\gpio.o (memset)
d:/arm/atollic/truestudio/truestudio for stm32 9.1.0/armtools/bin/../lib/gcc/arm-atollic-eabi/6.3.1/../../../../arm-atollic-eabi/lib/armv7-m\libc_nano.a(lib_a-printf.o)
                              Core\Src\main.o (printf)
d:/arm/atollic/truestudio/truestudio for stm32 9.1.0/armtools/bin/../lib/gcc/arm-atollic-eabi/6.3.1/../../../../arm-atollic-eabi/lib/armv7-m\libc_nano.a(lib_a-findfp.o)
                              d:/arm/atollic/truestudio/truestudio for stm32 9.1.0/armtools/bin/../lib/gcc/arm-atollic-eabi/6.3.1/../../../../arm-atollic-eabi/lib/armv7-m\libc_nano.a(lib_a-printf.o) (__sinit)
d:/arm/atollic/truestudio/truestudio for stm32 9.1.0/armtools/bin/../lib/gcc/arm-atollic-eabi/6.3.1/../../../../arm-atollic-eabi/lib/armv7-m\libc_nano.a(lib_a-fwalk.o)
                              d:/arm/atollic/truestudio/truestudio for stm32 9.1.0/armtools/bin/../lib/gcc/arm-atollic-eabi/6.3.1/../../../../arm-atollic-eabi/lib/armv7-m\libc_nano.a(lib_a-findfp.o) (_fwalk)
d:/arm/atollic/truestudio/truestudio for stm32 9.1.0/armtools/bin/../lib/gcc/arm-atollic-eabi/6.3.1/../../../../arm-atollic-eabi/lib/armv7-m\libc_nano.a(lib_a-impure.o)
                              d:/arm/atollic/truestudio/truestudio for stm32 9.1.0/armtools/bin/../lib/gcc/arm-atollic-eabi/6.3.1/../../../../arm-atollic-eabi/lib/armv7-m\libc_nano.a(lib_a-findfp.o) (_global_impure_ptr)
d:/arm/atollic/truestudio/truestudio for stm32 9.1.0/armtools/bin/../lib/gcc/arm-atollic-eabi/6.3.1/../../../../arm-atollic-eabi/lib/armv7-m\libc_nano.a(lib_a-nano-mallocr.o)
                              d:/arm/atollic/truestudio/truestudio for stm32 9.1.0/armtools/bin/../lib/gcc/arm-atollic-eabi/6.3.1/../../../../arm-atollic-eabi/lib/armv7-m\libc_nano.a(lib_a-findfp.o) (_malloc_r)
d:/arm/atollic/truestudio/truestudio for stm32 9.1.0/armtools/bin/../lib/gcc/arm-atollic-eabi/6.3.1/../../../../arm-atollic-eabi/lib/armv7-m\libc_nano.a(lib_a-nano-vfprintf.o)
                              d:/arm/atollic/truestudio/truestudio for stm32 9.1.0/armtools/bin/../lib/gcc/arm-atollic-eabi/6.3.1/../../../../arm-atollic-eabi/lib/armv7-m\libc_nano.a(lib_a-printf.o) (_vfprintf_r)
d:/arm/atollic/truestudio/truestudio for stm32 9.1.0/armtools/bin/../lib/gcc/arm-atollic-eabi/6.3.1/../../../../arm-atollic-eabi/lib/armv7-m\libc_nano.a(lib_a-nano-vfprintf_i.o)
                              d:/arm/atollic/truestudio/truestudio for stm32 9.1.0/armtools/bin/../lib/gcc/arm-atollic-eabi/6.3.1/../../../../arm-atollic-eabi/lib/armv7-m\libc_nano.a(lib_a-nano-vfprintf.o) (_printf_i)
d:/arm/atollic/truestudio/truestudio for stm32 9.1.0/armtools/bin/../lib/gcc/arm-atollic-eabi/6.3.1/../../../../arm-atollic-eabi/lib/armv7-m\libc_nano.a(lib_a-sbrkr.o)
                              d:/arm/atollic/truestudio/truestudio for stm32 9.1.0/armtools/bin/../lib/gcc/arm-atollic-eabi/6.3.1/../../../../arm-atollic-eabi/lib/armv7-m\libc_nano.a(lib_a-nano-mallocr.o) (_sbrk_r)
d:/arm/atollic/truestudio/truestudio for stm32 9.1.0/armtools/bin/../lib/gcc/arm-atollic-eabi/6.3.1/../../../../arm-atollic-eabi/lib/armv7-m\libc_nano.a(lib_a-stdio.o)
                              d:/arm/atollic/truestudio/truestudio for stm32 9.1.0/armtools/bin/../lib/gcc/arm-atollic-eabi/6.3.1/../../../../arm-atollic-eabi/lib/armv7-m\libc_nano.a(lib_a-findfp.o) (__sread)
d:/arm/atollic/truestudio/truestudio for stm32 9.1.0/armtools/bin/../lib/gcc/arm-atollic-eabi/6.3.1/../../../../arm-atollic-eabi/lib/armv7-m\libc_nano.a(lib_a-wbuf.o)
                              d:/arm/atollic/truestudio/truestudio for stm32 9.1.0/armtools/bin/../lib/gcc/arm-atollic-eabi/6.3.1/../../../../arm-atollic-eabi/lib/armv7-m\libc_nano.a(lib_a-nano-vfprintf.o) (__swbuf_r)
d:/arm/atollic/truestudio/truestudio for stm32 9.1.0/armtools/bin/../lib/gcc/arm-atollic-eabi/6.3.1/../../../../arm-atollic-eabi/lib/armv7-m\libc_nano.a(lib_a-writer.o)
                              d:/arm/atollic/truestudio/truestudio for stm32 9.1.0/armtools/bin/../lib/gcc/arm-atollic-eabi/6.3.1/../../../../arm-atollic-eabi/lib/armv7-m\libc_nano.a(lib_a-stdio.o) (_write_r)
d:/arm/atollic/truestudio/truestudio for stm32 9.1.0/armtools/bin/../lib/gcc/arm-atollic-eabi/6.3.1/../../../../arm-atollic-eabi/lib/armv7-m\libc_nano.a(lib_a-wsetup.o)
                              d:/arm/atollic/truestudio/truestudio for stm32 9.1.0/armtools/bin/../lib/gcc/arm-atollic-eabi/6.3.1/../../../../arm-atollic-eabi/lib/armv7-m\libc_nano.a(lib_a-nano-vfprintf.o) (__swsetup_r)
[...]
Memory Configuration

Name             Origin             Length             Attributes
RAM              0x20000000         0x00005000         xrw
FLASH            0x08000000         0x00010000         xr
*default*        0x00000000         0xffffffff

Linker script and memory map

LOAD d:/arm/atollic/truestudio/truestudio for stm32 9.1.0/armtools/bin/../lib/gcc/arm-atollic-eabi/6.3.1/armv7-m/crti.o
LOAD d:/arm/atollic/truestudio/truestudio for stm32 9.1.0/armtools/bin/../lib/gcc/arm-atollic-eabi/6.3.1/armv7-m/crtbegin.o
LOAD Core\Src\gpio.o
LOAD Core\Src\main.o
LOAD Core\Src\stm32f1xx_hal_msp.o
LOAD Core\Src\stm32f1xx_it.o
LOAD Core\Src\system_stm32f1xx.o
LOAD Drivers\STM32F1xx_HAL_Driver\Src\stm32f1xx_hal.o
LOAD Drivers\STM32F1xx_HAL_Driver\Src\stm32f1xx_hal_cortex.o
LOAD Drivers\STM32F1xx_HAL_Driver\Src\stm32f1xx_hal_dma.o
LOAD Drivers\STM32F1xx_HAL_Driver\Src\stm32f1xx_hal_flash.o
LOAD Drivers\STM32F1xx_HAL_Driver\Src\stm32f1xx_hal_flash_ex.o
LOAD Drivers\STM32F1xx_HAL_Driver\Src\stm32f1xx_hal_gpio.o
LOAD Drivers\STM32F1xx_HAL_Driver\Src\stm32f1xx_hal_gpio_ex.o
LOAD Drivers\STM32F1xx_HAL_Driver\Src\stm32f1xx_hal_pwr.o
LOAD Drivers\STM32F1xx_HAL_Driver\Src\stm32f1xx_hal_rcc.o
LOAD Drivers\STM32F1xx_HAL_Driver\Src\stm32f1xx_hal_rcc_ex.o
LOAD Drivers\STM32F1xx_HAL_Driver\Src\stm32f1xx_hal_tim.o
LOAD Drivers\STM32F1xx_HAL_Driver\Src\stm32f1xx_hal_tim_ex.o
LOAD startup\startup_stm32f103xb.o
                0x00000080                malloc_getpagesize_P = 0x80
START GROUP
LOAD d:/arm/atollic/truestudio/truestudio for stm32 9.1.0/armtools/bin/../lib/gcc/arm-atollic-eabi/6.3.1/../../../../arm-atollic-eabi/lib/armv7-m\libc_nano.a
LOAD d:/arm/atollic/truestudio/truestudio for stm32 9.1.0/armtools/bin/../lib/gcc/arm-atollic-eabi/6.3.1/../../../../arm-atollic-eabi/lib/armv7-m\libm.a
END GROUP
START GROUP
LOAD d:/arm/atollic/truestudio/truestudio for stm32 9.1.0/armtools/bin/../lib/gcc/arm-atollic-eabi/6.3.1/armv7-m\libgcc.a
LOAD d:/arm/atollic/truestudio/truestudio for stm32 9.1.0/armtools/bin/../lib/gcc/arm-atollic-eabi/6.3.1/../../../../arm-atollic-eabi/lib/armv7-m\libc_nano.a
END GROUP
START GROUP
LOAD d:/arm/atollic/truestudio/truestudio for stm32 9.1.0/armtools/bin/../lib/gcc/arm-atollic-eabi/6.3.1/armv7-m\libgcc.a
LOAD d:/arm/atollic/truestudio/truestudio for stm32 9.1.0/armtools/bin/../lib/gcc/arm-atollic-eabi/6.3.1/../../../../arm-atollic-eabi/lib/armv7-m\libc_nano.a
LOAD d:/arm/atollic/truestudio/truestudio for stm32 9.1.0/armtools/bin/../lib/gcc/arm-atollic-eabi/6.3.1/../../../../arm-atollic-eabi/lib/armv7-m\libnosys.a
END GROUP
START GROUP
LOAD d:/arm/atollic/truestudio/truestudio for stm32 9.1.0/armtools/bin/../lib/gcc/arm-atollic-eabi/6.3.1/armv7-m\libgcc.a
LOAD d:/arm/atollic/truestudio/truestudio for stm32 9.1.0/armtools/bin/../lib/gcc/arm-atollic-eabi/6.3.1/../../../../arm-atollic-eabi/lib/armv7-m\libc_nano.a
LOAD d:/arm/atollic/truestudio/truestudio for stm32 9.1.0/armtools/bin/../lib/gcc/arm-atollic-eabi/6.3.1/../../../../arm-atollic-eabi/lib/armv7-m\libnosys.a
END GROUP
LOAD d:/arm/atollic/truestudio/truestudio for stm32 9.1.0/armtools/bin/../lib/gcc/arm-atollic-eabi/6.3.1/armv7-m/crtend.o
LOAD d:/arm/atollic/truestudio/truestudio for stm32 9.1.0/armtools/bin/../lib/gcc/arm-atollic-eabi/6.3.1/armv7-m/crtn.o
                0x20005000                _estack = 0x20005000
                0x00000200                _Min_Heap_Size = 0x200
                0x00000400                _Min_Stack_Size = 0x400

.isr_vector     0x08000000      0x10c
                0x08000000                . = ALIGN (0x4)
 *(.isr_vector)
 .isr_vector    0x08000000      0x10c startup\startup_stm32f103xb.o
                0x08000000                g_pfnVectors
                0x0800010c                . = ALIGN (0x4)

.text           0x0800010c     0x193c
                0x0800010c                . = ALIGN (0x4)
 *(.text)
 .text          0x0800010c       0x40 d:/arm/atollic/truestudio/truestudio for stm32 9.1.0/armtools/bin/../lib/gcc/arm-atollic-eabi/6.3.1/armv7-m/crtbegin.o
 *(.text*)
 .text.MX_GPIO_Init
                0x0800014c       0x78 Core\Src\gpio.o
                0x0800014c                MX_GPIO_Init
 .text._write   0x080001c4       0x32 Core\Src\main.o
                0x080001c4                _write
 .text.SystemClock_Config
                0x080001f6       0x44 Core\Src\main.o
                0x080001f6                SystemClock_Config
 *fill*         0x0800023a        0x2 
 .text.startup.main
                0x0800023c       0x4c Core\Src\main.o
                0x0800023c                main
 .text.HAL_MspInit
                0x08000288       0x48 Core\Src\stm32f1xx_hal_msp.o
                0x08000288                HAL_MspInit
 .text.NMI_Handler
                0x080002d0        0x2 Core\Src\stm32f1xx_it.o
                0x080002d0                NMI_Handler
 .text.HardFault_Handler
                0x080002d2        0x2 Core\Src\stm32f1xx_it.o
                0x080002d2                HardFault_Handler
 .text.MemManage_Handler
                0x080002d4        0x2 Core\Src\stm32f1xx_it.o
                0x080002d4                MemManage_Handler
 .text.BusFault_Handler
                0x080002d6        0x2 Core\Src\stm32f1xx_it.o
                0x080002d6                BusFault_Handler
 .text.UsageFault_Handler
                0x080002d8        0x2 Core\Src\stm32f1xx_it.o
                0x080002d8                UsageFault_Handler
 .text.SVC_Handler
                0x080002da        0x2 Core\Src\stm32f1xx_it.o
                0x080002da                SVC_Handler
 .text.DebugMon_Handler
                0x080002dc        0x2 Core\Src\stm32f1xx_it.o
                0x080002dc                DebugMon_Handler
 .text.PendSV_Handler
                0x080002de        0x2 Core\Src\stm32f1xx_it.o
                0x080002de                PendSV_Handler
 .text.SysTick_Handler
                0x080002e0        0x4 Core\Src\stm32f1xx_it.o
                0x080002e0                SysTick_Handler
 .text.SystemInit
                0x080002e4       0x4c Core\Src\system_stm32f1xx.o
                0x080002e4                SystemInit
 .text.HAL_InitTick
                0x08000330       0x28 Drivers\STM32F1xx_HAL_Driver\Src\stm32f1xx_hal.o
                0x08000330                HAL_InitTick
 .text.HAL_Init
                0x08000358       0x24 Drivers\STM32F1xx_HAL_Driver\Src\stm32f1xx_hal.o
                0x08000358                HAL_Init
 .text.HAL_IncTick
                0x0800037c       0x10 Drivers\STM32F1xx_HAL_Driver\Src\stm32f1xx_hal.o
                0x0800037c                HAL_IncTick
 .text.HAL_GetTick
                0x0800038c        0xc Drivers\STM32F1xx_HAL_Driver\Src\stm32f1xx_hal.o
                0x0800038c                HAL_GetTick
 .text.HAL_Delay
                0x08000398       0x20 Drivers\STM32F1xx_HAL_Driver\Src\stm32f1xx_hal.o
                0x08000398                HAL_Delay
 .text.HAL_NVIC_SetPriorityGrouping
                0x080003b8       0x24 Drivers\STM32F1xx_HAL_Driver\Src\stm32f1xx_hal_cortex.o
                0x080003b8                HAL_NVIC_SetPriorityGrouping
 .text.HAL_NVIC_SetPriority
                0x080003dc       0x68 Drivers\STM32F1xx_HAL_Driver\Src\stm32f1xx_hal_cortex.o
                0x080003dc                HAL_NVIC_SetPriority
 .text.HAL_SYSTICK_Config
                0x08000444       0x2c Drivers\STM32F1xx_HAL_Driver\Src\stm32f1xx_hal_cortex.o
                0x08000444                HAL_SYSTICK_Config
 .text.HAL_GPIO_Init
                0x08000470      0x1c0 Drivers\STM32F1xx_HAL_Driver\Src\stm32f1xx_hal_gpio.o
                0x08000470                HAL_GPIO_Init
 .text.HAL_GPIO_WritePin
                0x08000630        0xa Drivers\STM32F1xx_HAL_Driver\Src\stm32f1xx_hal_gpio.o
                0x08000630                HAL_GPIO_WritePin
 *fill*         0x0800063a        0x2 
 .text.HAL_RCC_OscConfig
                0x0800063c      0x318 Drivers\STM32F1xx_HAL_Driver\Src\stm32f1xx_hal_rcc.o
                0x0800063c                HAL_RCC_OscConfig
 .text.HAL_RCC_GetSysClockFreq
                0x08000954       0x7c Drivers\STM32F1xx_HAL_Driver\Src\stm32f1xx_hal_rcc.o
                0x08000954                HAL_RCC_GetSysClockFreq
 .text.HAL_RCC_ClockConfig
                0x080009d0      0x148 Drivers\STM32F1xx_HAL_Driver\Src\stm32f1xx_hal_rcc.o
                0x080009d0                HAL_RCC_ClockConfig
 .text.Reset_Handler
                0x08000b18       0x48 startup\startup_stm32f103xb.o
                0x08000b18                Reset_Handler
 .text.Default_Handler
                0x08000b60        0x2 startup\startup_stm32f103xb.o
                0x08000b60                RTC_Alarm_IRQHandler
                0x08000b60                EXTI2_IRQHandler
                0x08000b60                TIM1_CC_IRQHandler
                0x08000b60                PVD_IRQHandler
                0x08000b60                EXTI3_IRQHandler
                0x08000b60                EXTI0_IRQHandler
                0x08000b60                I2C2_EV_IRQHandler
                0x08000b60                ADC1_2_IRQHandler
                0x08000b60                SPI1_IRQHandler
                0x08000b60                TAMPER_IRQHandler
                0x08000b60                DMA1_Channel4_IRQHandler
                0x08000b60                USART3_IRQHandler
                0x08000b60                RTC_IRQHandler
                0x08000b60                DMA1_Channel7_IRQHandler
                0x08000b60                CAN1_RX1_IRQHandler
                0x08000b60                TIM4_IRQHandler
                0x08000b60                I2C1_EV_IRQHandler
                0x08000b60                DMA1_Channel6_IRQHandler
                0x08000b60                TIM3_IRQHandler
                0x08000b60                RCC_IRQHandler
                0x08000b60                TIM1_TRG_COM_IRQHandler
                0x08000b60                DMA1_Channel1_IRQHandler
                0x08000b60                Default_Handler
                0x08000b60                EXTI15_10_IRQHandler
                0x08000b60                EXTI9_5_IRQHandler
                0x08000b60                SPI2_IRQHandler
                0x08000b60                DMA1_Channel5_IRQHandler
                0x08000b60                EXTI4_IRQHandler
                0x08000b60                USB_LP_CAN1_RX0_IRQHandler
                0x08000b60                USB_HP_CAN1_TX_IRQHandler
                0x08000b60                DMA1_Channel3_IRQHandler
                0x08000b60                TIM1_UP_IRQHandler
                0x08000b60                WWDG_IRQHandler
                0x08000b60                TIM2_IRQHandler
                0x08000b60                TIM1_BRK_IRQHandler
                0x08000b60                EXTI1_IRQHandler
                0x08000b60                USART2_IRQHandler
                0x08000b60                I2C2_ER_IRQHandler
                0x08000b60                DMA1_Channel2_IRQHandler
                0x08000b60                CAN1_SCE_IRQHandler
                0x08000b60                FLASH_IRQHandler
                0x08000b60                USART1_IRQHandler
                0x08000b60                I2C1_ER_IRQHandler
                0x08000b60                USBWakeUp_IRQHandler
 *fill*         0x08000b62        0x2 
 .text.__libc_init_array
                0x08000b64       0x48 d:/arm/atollic/truestudio/truestudio for stm32 9.1.0/armtools/bin/../lib/gcc/arm-atollic-eabi/6.3.1/../../../../arm-atollic-eabi/lib/armv7-m\libc_nano.a(lib_a-init.o)
                0x08000b64                __libc_init_array
 .text.memset   0x08000bac       0x10 d:/arm/atollic/truestudio/truestudio for stm32 9.1.0/armtools/bin/../lib/gcc/arm-atollic-eabi/6.3.1/../../../../arm-atollic-eabi/lib/armv7-m\libc_nano.a(lib_a-memset.o)
                0x08000bac                memset
 .text.printf   0x08000bbc       0x30 d:/arm/atollic/truestudio/truestudio for stm32 9.1.0/armtools/bin/../lib/gcc/arm-atollic-eabi/6.3.1/../../../../arm-atollic-eabi/lib/armv7-m\libc_nano.a(lib_a-printf.o)
                0x08000bbc                iprintf
                0x08000bbc                printf
 .text._cleanup_r
                0x08000bec        0xc d:/arm/atollic/truestudio/truestudio for stm32 9.1.0/armtools/bin/../lib/gcc/arm-atollic-eabi/6.3.1/../../../../arm-atollic-eabi/lib/armv7-m\libc_nano.a(lib_a-findfp.o)
                0x08000bec                _cleanup_r
 .text.std.isra.0
                0x08000bf8       0x48 d:/arm/atollic/truestudio/truestudio for stm32 9.1.0/armtools/bin/../lib/gcc/arm-atollic-eabi/6.3.1/../../../../arm-atollic-eabi/lib/armv7-m\libc_nano.a(lib_a-findfp.o)
 .text.__sfmoreglue
                0x08000c40       0x2c d:/arm/atollic/truestudio/truestudio for stm32 9.1.0/armtools/bin/../lib/gcc/arm-atollic-eabi/6.3.1/../../../../arm-atollic-eabi/lib/armv7-m\libc_nano.a(lib_a-findfp.o)
                0x08000c40                __sfmoreglue
 .text.__sinit  0x08000c6c       0x60 d:/arm/atollic/truestudio/truestudio for stm32 9.1.0/armtools/bin/../lib/gcc/arm-atollic-eabi/6.3.1/../../../../arm-atollic-eabi/lib/armv7-m\libc_nano.a(lib_a-findfp.o)
                0x08000c6c                __sinit
 .text.__sfp    0x08000ccc       0x78 d:/arm/atollic/truestudio/truestudio for stm32 9.1.0/armtools/bin/../lib/gcc/arm-atollic-eabi/6.3.1/../../../../arm-atollic-eabi/lib/armv7-m\libc_nano.a(lib_a-findfp.o)
                0x08000ccc                __sfp
 .text._fwalk_reent
                0x08000d44       0x3c d:/arm/atollic/truestudio/truestudio for stm32 9.1.0/armtools/bin/../lib/gcc/arm-atollic-eabi/6.3.1/../../../../arm-atollic-eabi/lib/armv7-m\libc_nano.a(lib_a-fwalk.o)
                0x08000d44                _fwalk_reent
 .text._malloc_r
                0x08000d80       0xbc d:/arm/atollic/truestudio/truestudio for stm32 9.1.0/armtools/bin/../lib/gcc/arm-atollic-eabi/6.3.1/../../../../arm-atollic-eabi/lib/armv7-m\libc_nano.a(lib_a-nano-mallocr.o)
                0x08000d80                _malloc_r
 .text.__sfputc_r
                0x08000e3c       0x2c d:/arm/atollic/truestudio/truestudio for stm32 9.1.0/armtools/bin/../lib/gcc/arm-atollic-eabi/6.3.1/../../../../arm-atollic-eabi/lib/armv7-m\libc_nano.a(lib_a-nano-vfprintf.o)
 .text.__sfputs_r
                0x08000e68       0x24 d:/arm/atollic/truestudio/truestudio for stm32 9.1.0/armtools/bin/../lib/gcc/arm-atollic-eabi/6.3.1/../../../../arm-atollic-eabi/lib/armv7-m\libc_nano.a(lib_a-nano-vfprintf.o)
                0x08000e68                __sfputs_r
 .text._vfprintf_r
                0x08000e8c      0x22c d:/arm/atollic/truestudio/truestudio for stm32 9.1.0/armtools/bin/../lib/gcc/arm-atollic-eabi/6.3.1/../../../../arm-atollic-eabi/lib/armv7-m\libc_nano.a(lib_a-nano-vfprintf.o)
                0x08000e8c                _vfprintf_r
                0x08000e8c                _vfiprintf_r
 .text._printf_common
                0x080010b8       0xee d:/arm/atollic/truestudio/truestudio for stm32 9.1.0/armtools/bin/../lib/gcc/arm-atollic-eabi/6.3.1/../../../../arm-atollic-eabi/lib/armv7-m\libc_nano.a(lib_a-nano-vfprintf_i.o)
                0x080010b8                _printf_common
 *fill*         0x080011a6        0x2 
 .text._printf_i
                0x080011a8      0x240 d:/arm/atollic/truestudio/truestudio for stm32 9.1.0/armtools/bin/../lib/gcc/arm-atollic-eabi/6.3.1/../../../../arm-atollic-eabi/lib/armv7-m\libc_nano.a(lib_a-nano-vfprintf_i.o)
                0x080011a8                _printf_i
 .text._sbrk_r  0x080013e8       0x20 d:/arm/atollic/truestudio/truestudio for stm32 9.1.0/armtools/bin/../lib/gcc/arm-atollic-eabi/6.3.1/../../../../arm-atollic-eabi/lib/armv7-m\libc_nano.a(lib_a-sbrkr.o)
                0x080013e8                _sbrk_r
 .text.__sread  0x08001408       0x22 d:/arm/atollic/truestudio/truestudio for stm32 9.1.0/armtools/bin/../lib/gcc/arm-atollic-eabi/6.3.1/../../../../arm-atollic-eabi/lib/armv7-m\libc_nano.a(lib_a-stdio.o)
                0x08001408                __sread
 .text.__swrite
                0x0800142a       0x38 d:/arm/atollic/truestudio/truestudio for stm32 9.1.0/armtools/bin/../lib/gcc/arm-atollic-eabi/6.3.1/../../../../arm-atollic-eabi/lib/armv7-m\libc_nano.a(lib_a-stdio.o)
                0x0800142a                __swrite
 .text.__sseek  0x08001462       0x24 d:/arm/atollic/truestudio/truestudio for stm32 9.1.0/armtools/bin/../lib/gcc/arm-atollic-eabi/6.3.1/../../../../arm-atollic-eabi/lib/armv7-m\libc_nano.a(lib_a-stdio.o)
                0x08001462                __sseek
 .text.__sclose
                0x08001486        0x8 d:/arm/atollic/truestudio/truestudio for stm32 9.1.0/armtools/bin/../lib/gcc/arm-atollic-eabi/6.3.1/../../../../arm-atollic-eabi/lib/armv7-m\libc_nano.a(lib_a-stdio.o)
                0x08001486                __sclose
 *fill*         0x0800148e        0x2 
 .text.__swbuf_r
                0x08001490       0xa4 d:/arm/atollic/truestudio/truestudio for stm32 9.1.0/armtools/bin/../lib/gcc/arm-atollic-eabi/6.3.1/../../../../arm-atollic-eabi/lib/armv7-m\libc_nano.a(lib_a-wbuf.o)
                0x08001490                __swbuf_r
 .text._write_r
                0x08001534       0x24 d:/arm/atollic/truestudio/truestudio for stm32 9.1.0/armtools/bin/../lib/gcc/arm-atollic-eabi/6.3.1/../../../../arm-atollic-eabi/lib/armv7-m\libc_nano.a(lib_a-writer.o)
                0x08001534                _write_r
 .text.__swsetup_r
                0x08001558       0xdc d:/arm/atollic/truestudio/truestudio for stm32 9.1.0/armtools/bin/../lib/gcc/arm-atollic-eabi/6.3.1/../../../../arm-atollic-eabi/lib/armv7-m\libc_nano.a(lib_a-wsetup.o)
                0x08001558                __swsetup_r
 .text._close_r
                0x08001634       0x20 d:/arm/atollic/truestudio/truestudio for stm32 9.1.0/armtools/bin/../lib/gcc/arm-atollic-eabi/6.3.1/../../../../arm-atollic-eabi/lib/armv7-m\libc_nano.a(lib_a-closer.o)
                0x08001634                _close_r
 .text.__sflush_r
                0x08001654      0x110 d:/arm/atollic/truestudio/truestudio for stm32 9.1.0/armtools/bin/../lib/gcc/arm-atollic-eabi/6.3.1/../../../../arm-atollic-eabi/lib/armv7-m\libc_nano.a(lib_a-fflush.o)
                0x08001654                __sflush_r
 .text._fflush_r
                0x08001764       0x54 d:/arm/atollic/truestudio/truestudio for stm32 9.1.0/armtools/bin/../lib/gcc/arm-atollic-eabi/6.3.1/../../../../arm-atollic-eabi/lib/armv7-m\libc_nano.a(lib_a-fflush.o)
                0x08001764                _fflush_r
 .text._lseek_r
                0x080017b8       0x24 d:/arm/atollic/truestudio/truestudio for stm32 9.1.0/armtools/bin/../lib/gcc/arm-atollic-eabi/6.3.1/../../../../arm-atollic-eabi/lib/armv7-m\libc_nano.a(lib_a-lseekr.o)
                0x080017b8                _lseek_r
 .text.__swhatbuf_r
                0x080017dc       0x48 d:/arm/atollic/truestudio/truestudio for stm32 9.1.0/armtools/bin/../lib/gcc/arm-atollic-eabi/6.3.1/../../../../arm-atollic-eabi/lib/armv7-m\libc_nano.a(lib_a-makebuf.o)
                0x080017dc                __swhatbuf_r
 .text.__smakebuf_r
                0x08001824       0x80 d:/arm/atollic/truestudio/truestudio for stm32 9.1.0/armtools/bin/../lib/gcc/arm-atollic-eabi/6.3.1/../../../../arm-atollic-eabi/lib/armv7-m\libc_nano.a(lib_a-makebuf.o)
                0x08001824                __smakebuf_r
 .text.memchr   0x080018a4       0x1c d:/arm/atollic/truestudio/truestudio for stm32 9.1.0/armtools/bin/../lib/gcc/arm-atollic-eabi/6.3.1/../../../../arm-atollic-eabi/lib/armv7-m\libc_nano.a(lib_a-memchr-stub.o)
                0x080018a4                memchr
 .text.__malloc_lock
                0x080018c0        0x2 d:/arm/atollic/truestudio/truestudio for stm32 9.1.0/armtools/bin/../lib/gcc/arm-atollic-eabi/6.3.1/../../../../arm-atollic-eabi/lib/armv7-m\libc_nano.a(lib_a-mlock.o)
                0x080018c0                __malloc_lock
 .text.__malloc_unlock
                0x080018c2        0x2 d:/arm/atollic/truestudio/truestudio for stm32 9.1.0/armtools/bin/../lib/gcc/arm-atollic-eabi/6.3.1/../../../../arm-atollic-eabi/lib/armv7-m\libc_nano.a(lib_a-mlock.o)
                0x080018c2                __malloc_unlock
 .text._free_r  0x080018c4       0x98 d:/arm/atollic/truestudio/truestudio for stm32 9.1.0/armtools/bin/../lib/gcc/arm-atollic-eabi/6.3.1/../../../../arm-atollic-eabi/lib/armv7-m\libc_nano.a(lib_a-nano-freer.o)
                0x080018c4                _free_r
 .text._read_r  0x0800195c       0x24 d:/arm/atollic/truestudio/truestudio for stm32 9.1.0/armtools/bin/../lib/gcc/arm-atollic-eabi/6.3.1/../../../../arm-atollic-eabi/lib/armv7-m\libc_nano.a(lib_a-readr.o)
                0x0800195c                _read_r
 .text._fstat_r
                0x08001980       0x24 d:/arm/atollic/truestudio/truestudio for stm32 9.1.0/armtools/bin/../lib/gcc/arm-atollic-eabi/6.3.1/../../../../arm-atollic-eabi/lib/armv7-m\libc_nano.a(lib_a-fstatr.o)
                0x08001980                _fstat_r
 .text._isatty_r
                0x080019a4       0x20 d:/arm/atollic/truestudio/truestudio for stm32 9.1.0/armtools/bin/../lib/gcc/arm-atollic-eabi/6.3.1/../../../../arm-atollic-eabi/lib/armv7-m\libc_nano.a(lib_a-isattyr.o)
                0x080019a4                _isatty_r
 .text._close   0x080019c4       0x10 d:/arm/atollic/truestudio/truestudio for stm32 9.1.0/armtools/bin/../lib/gcc/arm-atollic-eabi/6.3.1/../../../../arm-atollic-eabi/lib/armv7-m\libnosys.a(close.o)
                0x080019c4                _close
 .text._fstat   0x080019d4       0x10 d:/arm/atollic/truestudio/truestudio for stm32 9.1.0/armtools/bin/../lib/gcc/arm-atollic-eabi/6.3.1/../../../../arm-atollic-eabi/lib/armv7-m\libnosys.a(fstat.o)
                0x080019d4                _fstat
 .text._isatty  0x080019e4       0x10 d:/arm/atollic/truestudio/truestudio for stm32 9.1.0/armtools/bin/../lib/gcc/arm-atollic-eabi/6.3.1/../../../../arm-atollic-eabi/lib/armv7-m\libnosys.a(isatty.o)
                0x080019e4                _isatty
 .text._lseek   0x080019f4       0x10 d:/arm/atollic/truestudio/truestudio for stm32 9.1.0/armtools/bin/../lib/gcc/arm-atollic-eabi/6.3.1/../../../../arm-atollic-eabi/lib/armv7-m\libnosys.a(lseek.o)
                0x080019f4                _lseek
 .text._read    0x08001a04       0x10 d:/arm/atollic/truestudio/truestudio for stm32 9.1.0/armtools/bin/../lib/gcc/arm-atollic-eabi/6.3.1/../../../../arm-atollic-eabi/lib/armv7-m\libnosys.a(read.o)
                0x08001a04                _read
 .text._sbrk    0x08001a14       0x1c d:/arm/atollic/truestudio/truestudio for stm32 9.1.0/armtools/bin/../lib/gcc/arm-atollic-eabi/6.3.1/../../../../arm-atollic-eabi/lib/armv7-m\libnosys.a(sbrk.o)
                0x08001a14                _sbrk
 *(.glue_7)
 .glue_7        0x08001a30        0x0 linker stubs
 *(.glue_7t)
 .glue_7t       0x08001a30        0x0 linker stubs
 *(.eh_frame)
 .eh_frame      0x08001a30        0x0 d:/arm/atollic/truestudio/truestudio for stm32 9.1.0/armtools/bin/../lib/gcc/arm-atollic-eabi/6.3.1/armv7-m/crtbegin.o
 *(.init)
 .init          0x08001a30        0x4 d:/arm/atollic/truestudio/truestudio for stm32 9.1.0/armtools/bin/../lib/gcc/arm-atollic-eabi/6.3.1/armv7-m/crti.o
                0x08001a30                _init
 .init          0x08001a34        0x8 d:/arm/atollic/truestudio/truestudio for stm32 9.1.0/armtools/bin/../lib/gcc/arm-atollic-eabi/6.3.1/armv7-m/crtn.o
 *(.fini)
 .fini          0x08001a3c        0x4 d:/arm/atollic/truestudio/truestudio for stm32 9.1.0/armtools/bin/../lib/gcc/arm-atollic-eabi/6.3.1/armv7-m/crti.o
                0x08001a3c                _fini
 .fini          0x08001a40        0x8 d:/arm/atollic/truestudio/truestudio for stm32 9.1.0/armtools/bin/../lib/gcc/arm-atollic-eabi/6.3.1/armv7-m/crtn.o
                0x08001a48                . = ALIGN (0x4)
                0x08001a48                _etext = .

.vfp11_veneer   0x08001a48        0x0
 .vfp11_veneer  0x08001a48        0x0 linker stubs

.v4_bx          0x08001a48        0x0
 .v4_bx         0x08001a48        0x0 linker stubs

.iplt           0x08001a48        0x0
 .iplt          0x08001a48        0x0 d:/arm/atollic/truestudio/truestudio for stm32 9.1.0/armtools/bin/../lib/gcc/arm-atollic-eabi/6.3.1/armv7-m/crtbegin.o

.rodata         0x08001a48       0xcc
                0x08001a48                . = ALIGN (0x4)
 *(.rodata)
 .rodata        0x08001a48       0x10 Drivers\STM32F1xx_HAL_Driver\Src\stm32f1xx_hal_rcc.o
 *(.rodata*)
 .rodata.main.str1.1
                0x08001a58       0x11 Core\Src\main.o
 .rodata.AHBPrescTable
                0x08001a69       0x10 Core\Src\system_stm32f1xx.o
                0x08001a69                AHBPrescTable
 *fill*         0x08001a79        0x3 
 .rodata.__sf_fake_stderr
                0x08001a7c       0x20 d:/arm/atollic/truestudio/truestudio for stm32 9.1.0/armtools/bin/../lib/gcc/arm-atollic-eabi/6.3.1/../../../../arm-atollic-eabi/lib/armv7-m\libc_nano.a(lib_a-findfp.o)
                0x08001a7c                __sf_fake_stderr
 .rodata.__sf_fake_stdin
                0x08001a9c       0x20 d:/arm/atollic/truestudio/truestudio for stm32 9.1.0/armtools/bin/../lib/gcc/arm-atollic-eabi/6.3.1/../../../../arm-atollic-eabi/lib/armv7-m\libc_nano.a(lib_a-findfp.o)
                0x08001a9c                __sf_fake_stdin
 .rodata.__sf_fake_stdout
                0x08001abc       0x20 d:/arm/atollic/truestudio/truestudio for stm32 9.1.0/armtools/bin/../lib/gcc/arm-atollic-eabi/6.3.1/../../../../arm-atollic-eabi/lib/armv7-m\libc_nano.a(lib_a-findfp.o)
                0x08001abc                __sf_fake_stdout
 .rodata._global_impure_ptr
                0x08001adc        0x4 d:/arm/atollic/truestudio/truestudio for stm32 9.1.0/armtools/bin/../lib/gcc/arm-atollic-eabi/6.3.1/../../../../arm-atollic-eabi/lib/armv7-m\libc_nano.a(lib_a-impure.o)
                0x08001adc                _global_impure_ptr
 .rodata._vfprintf_r.str1.1
                0x08001ae0       0x11 d:/arm/atollic/truestudio/truestudio for stm32 9.1.0/armtools/bin/../lib/gcc/arm-atollic-eabi/6.3.1/../../../../arm-atollic-eabi/lib/armv7-m\libc_nano.a(lib_a-nano-vfprintf.o)
 .rodata._printf_i.str1.1
                0x08001af1       0x22 d:/arm/atollic/truestudio/truestudio for stm32 9.1.0/armtools/bin/../lib/gcc/arm-atollic-eabi/6.3.1/../../../../arm-atollic-eabi/lib/armv7-m\libc_nano.a(lib_a-nano-vfprintf_i.o)
                0x08001b14                . = ALIGN (0x4)
 *fill*         0x08001b13        0x1 

.rel.dyn        0x08001b14        0x0
 .rel.iplt      0x08001b14        0x0 d:/arm/atollic/truestudio/truestudio for stm32 9.1.0/armtools/bin/../lib/gcc/arm-atollic-eabi/6.3.1/armv7-m/crtbegin.o

.ARM.extab
 *(.ARM.extab* .gnu.linkonce.armextab.*)

.ARM            0x08001b14        0x0
                0x08001b14                __exidx_start = .
 *(.ARM.exidx*)
                0x08001b14                __exidx_end = .

.preinit_array  0x08001b14        0x0
                0x08001b14                PROVIDE (__preinit_array_start, .)
 *(.preinit_array*)
                0x08001b14                PROVIDE (__preinit_array_end, .)

.init_array     0x08001b14        0x4
                0x08001b14                PROVIDE (__init_array_start, .)
 *(SORT(.init_array.*))
 *(.init_array*)
 .init_array    0x08001b14        0x4 d:/arm/atollic/truestudio/truestudio for stm32 9.1.0/armtools/bin/../lib/gcc/arm-atollic-eabi/6.3.1/armv7-m/crtbegin.o
                0x08001b18                PROVIDE (__init_array_end, .)

.fini_array     0x08001b18        0x4
                [!provide]                PROVIDE (__fini_array_start, .)
 *(SORT(.fini_array.*))
 *(.fini_array*)
 .fini_array    0x08001b18        0x4 d:/arm/atollic/truestudio/truestudio for stm32 9.1.0/armtools/bin/../lib/gcc/arm-atollic-eabi/6.3.1/armv7-m/crtbegin.o
                [!provide]                PROVIDE (__fini_array_end, .)
                0x08001b1c                _sidata = LOADADDR (.data)

.data           0x20000000       0x68 load address 0x08001b1c
                0x20000000                . = ALIGN (0x4)
                0x20000000                _sdata = .
 *(.data)
 *(.data*)
 .data.SystemCoreClock
                0x20000000        0x4 Core\Src\system_stm32f1xx.o
                0x20000000                SystemCoreClock
 .data._impure_ptr
                0x20000004        0x4 d:/arm/atollic/truestudio/truestudio for stm32 9.1.0/armtools/bin/../lib/gcc/arm-atollic-eabi/6.3.1/../../../../arm-atollic-eabi/lib/armv7-m\libc_nano.a(lib_a-impure.o)
                0x20000004                _impure_ptr
 .data.impure_data
                0x20000008       0x60 d:/arm/atollic/truestudio/truestudio for stm32 9.1.0/armtools/bin/../lib/gcc/arm-atollic-eabi/6.3.1/../../../../arm-atollic-eabi/lib/armv7-m\libc_nano.a(lib_a-impure.o)
                0x20000068                . = ALIGN (0x4)
                0x20000068                _edata = .

.igot.plt       0x20000068        0x0 load address 0x08001b84
 .igot.plt      0x20000068        0x0 d:/arm/atollic/truestudio/truestudio for stm32 9.1.0/armtools/bin/../lib/gcc/arm-atollic-eabi/6.3.1/armv7-m/crtbegin.o
                0x20000068                . = ALIGN (0x4)

.bss            0x20000068       0x30 load address 0x08001b84
                0x20000068                _sbss = .
                0x20000068                __bss_start__ = _sbss
 *(.bss)
 .bss           0x20000068       0x1c d:/arm/atollic/truestudio/truestudio for stm32 9.1.0/armtools/bin/../lib/gcc/arm-atollic-eabi/6.3.1/armv7-m/crtbegin.o
 *(.bss*)
 .bss.__malloc_free_list
                0x20000084        0x4 d:/arm/atollic/truestudio/truestudio for stm32 9.1.0/armtools/bin/../lib/gcc/arm-atollic-eabi/6.3.1/../../../../arm-atollic-eabi/lib/armv7-m\libc_nano.a(lib_a-nano-mallocr.o)
                0x20000084                __malloc_free_list
 .bss.__malloc_sbrk_start
                0x20000088        0x4 d:/arm/atollic/truestudio/truestudio for stm32 9.1.0/armtools/bin/../lib/gcc/arm-atollic-eabi/6.3.1/../../../../arm-atollic-eabi/lib/armv7-m\libc_nano.a(lib_a-nano-mallocr.o)
                0x20000088                __malloc_sbrk_start
 .bss.heap_end.4116
                0x2000008c        0x4 d:/arm/atollic/truestudio/truestudio for stm32 9.1.0/armtools/bin/../lib/gcc/arm-atollic-eabi/6.3.1/../../../../arm-atollic-eabi/lib/armv7-m\libnosys.a(sbrk.o)
 *(COMMON)
 COMMON         0x20000090        0x4 Drivers\STM32F1xx_HAL_Driver\Src\stm32f1xx_hal.o
                0x20000090                uwTick
 COMMON         0x20000094        0x4 d:/arm/atollic/truestudio/truestudio for stm32 9.1.0/armtools/bin/../lib/gcc/arm-atollic-eabi/6.3.1/../../../../arm-atollic-eabi/lib/armv7-m\libc_nano.a(lib_a-reent.o)
                0x20000094                errno
                0x20000098                . = ALIGN (0x4)
                0x20000098                _ebss = .
                0x20000098                __bss_end__ = _ebss

._user_heap_stack
                0x20000098      0x600 load address 0x08001b84
                0x20000098                . = ALIGN (0x4)
                0x20000098                PROVIDE (end, .)
                [!provide]                PROVIDE (_end, .)
                0x20000298                . = (. + _Min_Heap_Size)
 *fill*         0x20000098      0x200 
                0x20000698                . = (. + _Min_Stack_Size)
 *fill*         0x20000298      0x400 
                0x20000698                . = ALIGN (0x4)

/DISCARD/
 libc.a(*)
 libm.a(*)
 libgcc.a(*)

.ARM.attributes
                0x00000000       0x29
 *(.ARM.attributes)
 .ARM.attributes
                0x00000000       0x1d d:/arm/atollic/truestudio/truestudio for stm32 9.1.0/armtools/bin/../lib/gcc/arm-atollic-eabi/6.3.1/armv7-m/crti.o
 .ARM.attributes
                0x0000001d       0x2d d:/arm/atollic/truestudio/truestudio for stm32 9.1.0/armtools/bin/../lib/gcc/arm-atollic-eabi/6.3.1/armv7-m/crtbegin.o
 .ARM.attributes
                0x0000004a       0x33 Core\Src\gpio.o
 .ARM.attributes
                0x0000007d       0x33 Core\Src\main.o
 .ARM.attributes
                0x000000b0       0x33 Core\Src\stm32f1xx_hal_msp.o
 .ARM.attributes
                0x000000e3       0x33 Core\Src\stm32f1xx_it.o
 .ARM.attributes
                0x00000116       0x33 Core\Src\system_stm32f1xx.o
 .ARM.attributes
                0x00000149       0x33 Drivers\STM32F1xx_HAL_Driver\Src\stm32f1xx_hal.o
 .ARM.attributes
                0x0000017c       0x33 Drivers\STM32F1xx_HAL_Driver\Src\stm32f1xx_hal_cortex.o
 .ARM.attributes
                0x000001af       0x33 Drivers\STM32F1xx_HAL_Driver\Src\stm32f1xx_hal_gpio.o
 .ARM.attributes
                0x000001e2       0x33 Drivers\STM32F1xx_HAL_Driver\Src\stm32f1xx_hal_rcc.o
 .ARM.attributes
                0x00000215       0x21 startup\startup_stm32f103xb.o
 .ARM.attributes
                0x00000236       0x2d d:/arm/atollic/truestudio/truestudio for stm32 9.1.0/armtools/bin/../lib/gcc/arm-atollic-eabi/6.3.1/../../../../arm-atollic-eabi/lib/armv7-m\libc_nano.a(lib_a-init.o)
 .ARM.attributes
                0x00000263       0x2d d:/arm/atollic/truestudio/truestudio for stm32 9.1.0/armtools/bin/../lib/gcc/arm-atollic-eabi/6.3.1/../../../../arm-atollic-eabi/lib/armv7-m\libc_nano.a(lib_a-memset.o)
 .ARM.attributes
                0x00000290       0x2d d:/arm/atollic/truestudio/truestudio for stm32 9.1.0/armtools/bin/../lib/gcc/arm-atollic-eabi/6.3.1/../../../../arm-atollic-eabi/lib/armv7-m\libc_nano.a(lib_a-printf.o)
 .ARM.attributes
                0x000002bd       0x2d d:/arm/atollic/truestudio/truestudio for stm32 9.1.0/armtools/bin/../lib/gcc/arm-atollic-eabi/6.3.1/../../../../arm-atollic-eabi/lib/armv7-m\libc_nano.a(lib_a-findfp.o)
 .ARM.attributes
                0x000002ea       0x2d d:/arm/atollic/truestudio/truestudio for stm32 9.1.0/armtools/bin/../lib/gcc/arm-atollic-eabi/6.3.1/../../../../arm-atollic-eabi/lib/armv7-m\libc_nano.a(lib_a-fwalk.o)
 .ARM.attributes
                0x00000317       0x2d d:/arm/atollic/truestudio/truestudio for stm32 9.1.0/armtools/bin/../lib/gcc/arm-atollic-eabi/6.3.1/../../../../arm-atollic-eabi/lib/armv7-m\libc_nano.a(lib_a-impure.o)
 .ARM.attributes
                0x00000344       0x2d d:/arm/atollic/truestudio/truestudio for stm32 9.1.0/armtools/bin/../lib/gcc/arm-atollic-eabi/6.3.1/../../../../arm-atollic-eabi/lib/armv7-m\libc_nano.a(lib_a-nano-mallocr.o)
 .ARM.attributes
                0x00000371       0x2d d:/arm/atollic/truestudio/truestudio for stm32 9.1.0/armtools/bin/../lib/gcc/arm-atollic-eabi/6.3.1/../../../../arm-atollic-eabi/lib/armv7-m\libc_nano.a(lib_a-nano-vfprintf.o)
 .ARM.attributes
                0x0000039e       0x2d d:/arm/atollic/truestudio/truestudio for stm32 9.1.0/armtools/bin/../lib/gcc/arm-atollic-eabi/6.3.1/../../../../arm-atollic-eabi/lib/armv7-m\libc_nano.a(lib_a-nano-vfprintf_i.o)
 .ARM.attributes
                0x000003cb       0x2d d:/arm/atollic/truestudio/truestudio for stm32 9.1.0/armtools/bin/../lib/gcc/arm-atollic-eabi/6.3.1/../../../../arm-atollic-eabi/lib/armv7-m\libc_nano.a(lib_a-sbrkr.o)
 .ARM.attributes
                0x000003f8       0x2d d:/arm/atollic/truestudio/truestudio for stm32 9.1.0/armtools/bin/../lib/gcc/arm-atollic-eabi/6.3.1/../../../../arm-atollic-eabi/lib/armv7-m\libc_nano.a(lib_a-stdio.o)
 .ARM.attributes
                0x00000425       0x2d d:/arm/atollic/truestudio/truestudio for stm32 9.1.0/armtools/bin/../lib/gcc/arm-atollic-eabi/6.3.1/../../../../arm-atollic-eabi/lib/armv7-m\libc_nano.a(lib_a-wbuf.o)
 .ARM.attributes
                0x00000452       0x2d d:/arm/atollic/truestudio/truestudio for stm32 9.1.0/armtools/bin/../lib/gcc/arm-atollic-eabi/6.3.1/../../../../arm-atollic-eabi/lib/armv7-m\libc_nano.a(lib_a-writer.o)
 .ARM.attributes
                0x0000047f       0x2d d:/arm/atollic/truestudio/truestudio for stm32 9.1.0/armtools/bin/../lib/gcc/arm-atollic-eabi/6.3.1/../../../../arm-atollic-eabi/lib/armv7-m\libc_nano.a(lib_a-wsetup.o)
 .ARM.attributes
                0x000004ac       0x2d d:/arm/atollic/truestudio/truestudio for stm32 9.1.0/armtools/bin/../lib/gcc/arm-atollic-eabi/6.3.1/../../../../arm-atollic-eabi/lib/armv7-m\libc_nano.a(lib_a-closer.o)
 .ARM.attributes
                0x000004d9       0x2d d:/arm/atollic/truestudio/truestudio for stm32 9.1.0/armtools/bin/../lib/gcc/arm-atollic-eabi/6.3.1/../../../../arm-atollic-eabi/lib/armv7-m\libc_nano.a(lib_a-fflush.o)
 .ARM.attributes
                0x00000506       0x2d d:/arm/atollic/truestudio/truestudio for stm32 9.1.0/armtools/bin/../lib/gcc/arm-atollic-eabi/6.3.1/../../../../arm-atollic-eabi/lib/armv7-m\libc_nano.a(lib_a-lseekr.o)
 .ARM.attributes
                0x00000533       0x2d d:/arm/atollic/truestudio/truestudio for stm32 9.1.0/armtools/bin/../lib/gcc/arm-atollic-eabi/6.3.1/../../../../arm-atollic-eabi/lib/armv7-m\libc_nano.a(lib_a-makebuf.o)
 .ARM.attributes
                0x00000560       0x2d d:/arm/atollic/truestudio/truestudio for stm32 9.1.0/armtools/bin/../lib/gcc/arm-atollic-eabi/6.3.1/../../../../arm-atollic-eabi/lib/armv7-m\libc_nano.a(lib_a-memchr-stub.o)
 .ARM.attributes
                0x0000058d       0x2d d:/arm/atollic/truestudio/truestudio for stm32 9.1.0/armtools/bin/../lib/gcc/arm-atollic-eabi/6.3.1/../../../../arm-atollic-eabi/lib/armv7-m\libc_nano.a(lib_a-mlock.o)
 .ARM.attributes
                0x000005ba       0x2d d:/arm/atollic/truestudio/truestudio for stm32 9.1.0/armtools/bin/../lib/gcc/arm-atollic-eabi/6.3.1/../../../../arm-atollic-eabi/lib/armv7-m\libc_nano.a(lib_a-nano-freer.o)
 .ARM.attributes
                0x000005e7       0x2d d:/arm/atollic/truestudio/truestudio for stm32 9.1.0/armtools/bin/../lib/gcc/arm-atollic-eabi/6.3.1/../../../../arm-atollic-eabi/lib/armv7-m\libc_nano.a(lib_a-readr.o)
 .ARM.attributes
                0x00000614       0x2d d:/arm/atollic/truestudio/truestudio for stm32 9.1.0/armtools/bin/../lib/gcc/arm-atollic-eabi/6.3.1/../../../../arm-atollic-eabi/lib/armv7-m\libc_nano.a(lib_a-reent.o)
 .ARM.attributes
                0x00000641       0x2d d:/arm/atollic/truestudio/truestudio for stm32 9.1.0/armtools/bin/../lib/gcc/arm-atollic-eabi/6.3.1/../../../../arm-atollic-eabi/lib/armv7-m\libc_nano.a(lib_a-fstatr.o)
 .ARM.attributes
                0x0000066e       0x2d d:/arm/atollic/truestudio/truestudio for stm32 9.1.0/armtools/bin/../lib/gcc/arm-atollic-eabi/6.3.1/../../../../arm-atollic-eabi/lib/armv7-m\libc_nano.a(lib_a-isattyr.o)
 .ARM.attributes
                0x0000069b       0x2d d:/arm/atollic/truestudio/truestudio for stm32 9.1.0/armtools/bin/../lib/gcc/arm-atollic-eabi/6.3.1/../../../../arm-atollic-eabi/lib/armv7-m\libnosys.a(close.o)
 .ARM.attributes
                0x000006c8       0x2d d:/arm/atollic/truestudio/truestudio for stm32 9.1.0/armtools/bin/../lib/gcc/arm-atollic-eabi/6.3.1/../../../../arm-atollic-eabi/lib/armv7-m\libnosys.a(fstat.o)
 .ARM.attributes
                0x000006f5       0x2d d:/arm/atollic/truestudio/truestudio for stm32 9.1.0/armtools/bin/../lib/gcc/arm-atollic-eabi/6.3.1/../../../../arm-atollic-eabi/lib/armv7-m\libnosys.a(isatty.o)
 .ARM.attributes
                0x00000722       0x2d d:/arm/atollic/truestudio/truestudio for stm32 9.1.0/armtools/bin/../lib/gcc/arm-atollic-eabi/6.3.1/../../../../arm-atollic-eabi/lib/armv7-m\libnosys.a(lseek.o)
 .ARM.attributes
                0x0000074f       0x2d d:/arm/atollic/truestudio/truestudio for stm32 9.1.0/armtools/bin/../lib/gcc/arm-atollic-eabi/6.3.1/../../../../arm-atollic-eabi/lib/armv7-m\libnosys.a(read.o)
 .ARM.attributes
                0x0000077c       0x2d d:/arm/atollic/truestudio/truestudio for stm32 9.1.0/armtools/bin/../lib/gcc/arm-atollic-eabi/6.3.1/../../../../arm-atollic-eabi/lib/armv7-m\libnosys.a(sbrk.o)
 .ARM.attributes
                0x000007a9       0x1d d:/arm/atollic/truestudio/truestudio for stm32 9.1.0/armtools/bin/../lib/gcc/arm-atollic-eabi/6.3.1/armv7-m/crtn.o
OUTPUT(BluePillBlinky.elf elf32-littlearm)

.debug_info     0x00000000     0x7f35
 .debug_info    0x00000000      0xb91 Core\Src\gpio.o
 .debug_info    0x00000b91      0xfa1 Core\Src\main.o
 .debug_info    0x00001b32      0xa79 Core\Src\stm32f1xx_hal_msp.o
 .debug_info    0x000025ab      0x9ca Core\Src\stm32f1xx_it.o
 .debug_info    0x00002f75      0xc07 Core\Src\system_stm32f1xx.o
 .debug_info    0x00003b7c      0xece Drivers\STM32F1xx_HAL_Driver\Src\stm32f1xx_hal.o
 .debug_info    0x00004a4a     0x1463 Drivers\STM32F1xx_HAL_Driver\Src\stm32f1xx_hal_cortex.o
 .debug_info    0x00005ead      0xe7c Drivers\STM32F1xx_HAL_Driver\Src\stm32f1xx_hal_gpio.o
 .debug_info    0x00006d29     0x118f Drivers\STM32F1xx_HAL_Driver\Src\stm32f1xx_hal_rcc.o
 .debug_info    0x00007eb8       0x7d startup\startup_stm32f103xb.o

.debug_abbrev   0x00000000     0x16d5
 .debug_abbrev  0x00000000      0x204 Core\Src\gpio.o
 .debug_abbrev  0x00000204      0x336 Core\Src\main.o
 .debug_abbrev  0x0000053a      0x1a6 Core\Src\stm32f1xx_hal_msp.o
 .debug_abbrev  0x000006e0      0x1e1 Core\Src\stm32f1xx_it.o
 .debug_abbrev  0x000008c1      0x1eb Core\Src\system_stm32f1xx.o
 .debug_abbrev  0x00000aac      0x2c2 Drivers\STM32F1xx_HAL_Driver\Src\stm32f1xx_hal.o
 .debug_abbrev  0x00000d6e      0x399 Drivers\STM32F1xx_HAL_Driver\Src\stm32f1xx_hal_cortex.o
 .debug_abbrev  0x00001107      0x268 Drivers\STM32F1xx_HAL_Driver\Src\stm32f1xx_hal_gpio.o
 .debug_abbrev  0x0000136f      0x354 Drivers\STM32F1xx_HAL_Driver\Src\stm32f1xx_hal_rcc.o
 .debug_abbrev  0x000016c3       0x12 startup\startup_stm32f103xb.o

.debug_aranges  0x00000000      0x330
 .debug_aranges
                0x00000000       0x20 Core\Src\gpio.o
 .debug_aranges
                0x00000020       0x38 Core\Src\main.o
 .debug_aranges
                0x00000058       0x20 Core\Src\stm32f1xx_hal_msp.o
 .debug_aranges
                0x00000078       0x48 Core\Src\stm32f1xx_it.o
 .debug_aranges
                0x000000c0       0x28 Core\Src\system_stm32f1xx.o
 .debug_aranges
                0x000000e8       0xb0 Drivers\STM32F1xx_HAL_Driver\Src\stm32f1xx_hal.o
 .debug_aranges
                0x00000198       0x90 Drivers\STM32F1xx_HAL_Driver\Src\stm32f1xx_hal_cortex.o
 .debug_aranges
                0x00000228       0x58 Drivers\STM32F1xx_HAL_Driver\Src\stm32f1xx_hal_gpio.o
 .debug_aranges
                0x00000280       0x88 Drivers\STM32F1xx_HAL_Driver\Src\stm32f1xx_hal_rcc.o
 .debug_aranges
                0x00000308       0x28 startup\startup_stm32f103xb.o

.debug_ranges   0x00000000      0x400
 .debug_ranges  0x00000000       0x50 Core\Src\gpio.o
 .debug_ranges  0x00000050       0x50 Core\Src\main.o
 .debug_ranges  0x000000a0       0x28 Core\Src\stm32f1xx_hal_msp.o
 .debug_ranges  0x000000c8       0x38 Core\Src\stm32f1xx_it.o
 .debug_ranges  0x00000100       0x18 Core\Src\system_stm32f1xx.o
 .debug_ranges  0x00000118       0xa0 Drivers\STM32F1xx_HAL_Driver\Src\stm32f1xx_hal.o
 .debug_ranges  0x000001b8      0x128 Drivers\STM32F1xx_HAL_Driver\Src\stm32f1xx_hal_cortex.o
 .debug_ranges  0x000002e0       0x60 Drivers\STM32F1xx_HAL_Driver\Src\stm32f1xx_hal_gpio.o
 .debug_ranges  0x00000340       0xa0 Drivers\STM32F1xx_HAL_Driver\Src\stm32f1xx_hal_rcc.o
 .debug_ranges  0x000003e0       0x20 startup\startup_stm32f103xb.o

.debug_line     0x00000000     0x20a0
 .debug_line    0x00000000      0x27d Core\Src\gpio.o
 .debug_line    0x0000027d      0x3f4 Core\Src\main.o
 .debug_line    0x00000671      0x23e Core\Src\stm32f1xx_hal_msp.o
 .debug_line    0x000008af      0x2aa Core\Src\stm32f1xx_it.o
 .debug_line    0x00000b59      0x27e Core\Src\system_stm32f1xx.o
 .debug_line    0x00000dd7      0x3fd Drivers\STM32F1xx_HAL_Driver\Src\stm32f1xx_hal.o
 .debug_line    0x000011d4      0x423 Drivers\STM32F1xx_HAL_Driver\Src\stm32f1xx_hal_cortex.o
 .debug_line    0x000015f7      0x43c Drivers\STM32F1xx_HAL_Driver\Src\stm32f1xx_hal_gpio.o
 .debug_line    0x00001a33      0x5f0 Drivers\STM32F1xx_HAL_Driver\Src\stm32f1xx_hal_rcc.o
 .debug_line    0x00002023       0x7d startup\startup_stm32f103xb.o

.debug_str      0x00000000     0x1500
 .debug_str     0x00000000      0x674 Core\Src\gpio.o
                                0x70c (size before relaxing)
 .debug_str     0x00000674      0x255 Core\Src\main.o
                                0x8ce (size before relaxing)
 .debug_str     0x000008c9       0x50 Core\Src\stm32f1xx_hal_msp.o
                                0x6a7 (size before relaxing)
 .debug_str     0x00000919       0xb7 Core\Src\stm32f1xx_it.o
                                0x6be (size before relaxing)
 .debug_str     0x000009d0       0xa6 Core\Src\system_stm32f1xx.o
                                0x6fc (size before relaxing)
 .debug_str     0x00000a76      0x51b Drivers\STM32F1xx_HAL_Driver\Src\stm32f1xx_hal.o
                                0xbbd (size before relaxing)
 .debug_str     0x00000f91      0x255 Drivers\STM32F1xx_HAL_Driver\Src\stm32f1xx_hal_cortex.o
                                0xd21 (size before relaxing)
 .debug_str     0x000011e6      0x131 Drivers\STM32F1xx_HAL_Driver\Src\stm32f1xx_hal_gpio.o
                                0x88e (size before relaxing)
 .debug_str     0x00001317      0x1e9 Drivers\STM32F1xx_HAL_Driver\Src\stm32f1xx_hal_rcc.o
                                0xa6c (size before relaxing)

.comment        0x00000000       0x7c
 .comment       0x00000000       0x7c Core\Src\gpio.o
                                 0x7d (size before relaxing)
 .comment       0x0000007c       0x7d Core\Src\main.o
 .comment       0x0000007c       0x7d Core\Src\stm32f1xx_hal_msp.o
 .comment       0x0000007c       0x7d Core\Src\stm32f1xx_it.o
 .comment       0x0000007c       0x7d Core\Src\system_stm32f1xx.o
 .comment       0x0000007c       0x7d Drivers\STM32F1xx_HAL_Driver\Src\stm32f1xx_hal.o
 .comment       0x0000007c       0x7d Drivers\STM32F1xx_HAL_Driver\Src\stm32f1xx_hal_cortex.o
 .comment       0x0000007c       0x7d Drivers\STM32F1xx_HAL_Driver\Src\stm32f1xx_hal_gpio.o
 .comment       0x0000007c       0x7d Drivers\STM32F1xx_HAL_Driver\Src\stm32f1xx_hal_rcc.o

.debug_frame    0x00000000      0xe40
 .debug_frame   0x00000000       0x30 Core\Src\gpio.o
 .debug_frame   0x00000030       0x70 Core\Src\main.o
 .debug_frame   0x000000a0       0x28 Core\Src\stm32f1xx_hal_msp.o
 .debug_frame   0x000000c8       0xa0 Core\Src\stm32f1xx_it.o
 .debug_frame   0x00000168       0x30 Core\Src\system_stm32f1xx.o
 .debug_frame   0x00000198      0x174 Drivers\STM32F1xx_HAL_Driver\Src\stm32f1xx_hal.o
 .debug_frame   0x0000030c      0x120 Drivers\STM32F1xx_HAL_Driver\Src\stm32f1xx_hal_cortex.o
 .debug_frame   0x0000042c       0xd4 Drivers\STM32F1xx_HAL_Driver\Src\stm32f1xx_hal_gpio.o
 .debug_frame   0x00000500      0x144 Drivers\STM32F1xx_HAL_Driver\Src\stm32f1xx_hal_rcc.o
 .debug_frame   0x00000644       0x2c d:/arm/atollic/truestudio/truestudio for stm32 9.1.0/armtools/bin/../lib/gcc/arm-atollic-eabi/6.3.1/../../../../arm-atollic-eabi/lib/armv7-m\libc_nano.a(lib_a-init.o)
 .debug_frame   0x00000670       0x20 d:/arm/atollic/truestudio/truestudio for stm32 9.1.0/armtools/bin/../lib/gcc/arm-atollic-eabi/6.3.1/../../../../arm-atollic-eabi/lib/armv7-m\libc_nano.a(lib_a-memset.o)
 .debug_frame   0x00000690       0x74 d:/arm/atollic/truestudio/truestudio for stm32 9.1.0/armtools/bin/../lib/gcc/arm-atollic-eabi/6.3.1/../../../../arm-atollic-eabi/lib/armv7-m\libc_nano.a(lib_a-printf.o)
 .debug_frame   0x00000704      0x11c d:/arm/atollic/truestudio/truestudio for stm32 9.1.0/armtools/bin/../lib/gcc/arm-atollic-eabi/6.3.1/../../../../arm-atollic-eabi/lib/armv7-m\libc_nano.a(lib_a-findfp.o)
 .debug_frame   0x00000820       0x54 d:/arm/atollic/truestudio/truestudio for stm32 9.1.0/armtools/bin/../lib/gcc/arm-atollic-eabi/6.3.1/../../../../arm-atollic-eabi/lib/armv7-m\libc_nano.a(lib_a-fwalk.o)
 .debug_frame   0x00000874       0x2c d:/arm/atollic/truestudio/truestudio for stm32 9.1.0/armtools/bin/../lib/gcc/arm-atollic-eabi/6.3.1/../../../../arm-atollic-eabi/lib/armv7-m\libc_nano.a(lib_a-nano-mallocr.o)
 .debug_frame   0x000008a0       0xac d:/arm/atollic/truestudio/truestudio for stm32 9.1.0/armtools/bin/../lib/gcc/arm-atollic-eabi/6.3.1/../../../../arm-atollic-eabi/lib/armv7-m\libc_nano.a(lib_a-nano-vfprintf.o)
 .debug_frame   0x0000094c       0x60 d:/arm/atollic/truestudio/truestudio for stm32 9.1.0/armtools/bin/../lib/gcc/arm-atollic-eabi/6.3.1/../../../../arm-atollic-eabi/lib/armv7-m\libc_nano.a(lib_a-nano-vfprintf_i.o)
 .debug_frame   0x000009ac       0x2c d:/arm/atollic/truestudio/truestudio for stm32 9.1.0/armtools/bin/../lib/gcc/arm-atollic-eabi/6.3.1/../../../../arm-atollic-eabi/lib/armv7-m\libc_nano.a(lib_a-sbrkr.o)
 .debug_frame   0x000009d8       0x88 d:/arm/atollic/truestudio/truestudio for stm32 9.1.0/armtools/bin/../lib/gcc/arm-atollic-eabi/6.3.1/../../../../arm-atollic-eabi/lib/armv7-m\libc_nano.a(lib_a-stdio.o)
 .debug_frame   0x00000a60       0x40 d:/arm/atollic/truestudio/truestudio for stm32 9.1.0/armtools/bin/../lib/gcc/arm-atollic-eabi/6.3.1/../../../../arm-atollic-eabi/lib/armv7-m\libc_nano.a(lib_a-wbuf.o)
 .debug_frame   0x00000aa0       0x2c d:/arm/atollic/truestudio/truestudio for stm32 9.1.0/armtools/bin/../lib/gcc/arm-atollic-eabi/6.3.1/../../../../arm-atollic-eabi/lib/armv7-m\libc_nano.a(lib_a-writer.o)
 .debug_frame   0x00000acc       0x2c d:/arm/atollic/truestudio/truestudio for stm32 9.1.0/armtools/bin/../lib/gcc/arm-atollic-eabi/6.3.1/../../../../arm-atollic-eabi/lib/armv7-m\libc_nano.a(lib_a-wsetup.o)
 .debug_frame   0x00000af8       0x2c d:/arm/atollic/truestudio/truestudio for stm32 9.1.0/armtools/bin/../lib/gcc/arm-atollic-eabi/6.3.1/../../../../arm-atollic-eabi/lib/armv7-m\libc_nano.a(lib_a-closer.o)
 .debug_frame   0x00000b24       0x68 d:/arm/atollic/truestudio/truestudio for stm32 9.1.0/armtools/bin/../lib/gcc/arm-atollic-eabi/6.3.1/../../../../arm-atollic-eabi/lib/armv7-m\libc_nano.a(lib_a-fflush.o)
 .debug_frame   0x00000b8c       0x2c d:/arm/atollic/truestudio/truestudio for stm32 9.1.0/armtools/bin/../lib/gcc/arm-atollic-eabi/6.3.1/../../../../arm-atollic-eabi/lib/armv7-m\libc_nano.a(lib_a-lseekr.o)
 .debug_frame   0x00000bb8       0x58 d:/arm/atollic/truestudio/truestudio for stm32 9.1.0/armtools/bin/../lib/gcc/arm-atollic-eabi/6.3.1/../../../../arm-atollic-eabi/lib/armv7-m\libc_nano.a(lib_a-makebuf.o)
 .debug_frame   0x00000c10       0x28 d:/arm/atollic/truestudio/truestudio for stm32 9.1.0/armtools/bin/../lib/gcc/arm-atollic-eabi/6.3.1/../../../../arm-atollic-eabi/lib/armv7-m\libc_nano.a(lib_a-memchr-stub.o)
 .debug_frame   0x00000c38       0x30 d:/arm/atollic/truestudio/truestudio for stm32 9.1.0/armtools/bin/../lib/gcc/arm-atollic-eabi/6.3.1/../../../../arm-atollic-eabi/lib/armv7-m\libc_nano.a(lib_a-mlock.o)
 .debug_frame   0x00000c68       0x38 d:/arm/atollic/truestudio/truestudio for stm32 9.1.0/armtools/bin/../lib/gcc/arm-atollic-eabi/6.3.1/../../../../arm-atollic-eabi/lib/armv7-m\libc_nano.a(lib_a-nano-freer.o)
 .debug_frame   0x00000ca0       0x2c d:/arm/atollic/truestudio/truestudio for stm32 9.1.0/armtools/bin/../lib/gcc/arm-atollic-eabi/6.3.1/../../../../arm-atollic-eabi/lib/armv7-m\libc_nano.a(lib_a-readr.o)
 .debug_frame   0x00000ccc       0x5c d:/arm/atollic/truestudio/truestudio for stm32 9.1.0/armtools/bin/../lib/gcc/arm-atollic-eabi/6.3.1/../../../../arm-atollic-eabi/lib/armv7-m\libc_nano.a(lib_a-reent.o)
 .debug_frame   0x00000d28       0x2c d:/arm/atollic/truestudio/truestudio for stm32 9.1.0/armtools/bin/../lib/gcc/arm-atollic-eabi/6.3.1/../../../../arm-atollic-eabi/lib/armv7-m\libc_nano.a(lib_a-fstatr.o)
 .debug_frame   0x00000d54       0x2c d:/arm/atollic/truestudio/truestudio for stm32 9.1.0/armtools/bin/../lib/gcc/arm-atollic-eabi/6.3.1/../../../../arm-atollic-eabi/lib/armv7-m\libc_nano.a(lib_a-isattyr.o)
 .debug_frame   0x00000d80       0x20 d:/arm/atollic/truestudio/truestudio for stm32 9.1.0/armtools/bin/../lib/gcc/arm-atollic-eabi/6.3.1/../../../../arm-atollic-eabi/lib/armv7-m\libnosys.a(close.o)
 .debug_frame   0x00000da0       0x20 d:/arm/atollic/truestudio/truestudio for stm32 9.1.0/armtools/bin/../lib/gcc/arm-atollic-eabi/6.3.1/../../../../arm-atollic-eabi/lib/armv7-m\libnosys.a(fstat.o)
 .debug_frame   0x00000dc0       0x20 d:/arm/atollic/truestudio/truestudio for stm32 9.1.0/armtools/bin/../lib/gcc/arm-atollic-eabi/6.3.1/../../../../arm-atollic-eabi/lib/armv7-m\libnosys.a(isatty.o)
 .debug_frame   0x00000de0       0x20 d:/arm/atollic/truestudio/truestudio for stm32 9.1.0/armtools/bin/../lib/gcc/arm-atollic-eabi/6.3.1/../../../../arm-atollic-eabi/lib/armv7-m\libnosys.a(lseek.o)
 .debug_frame   0x00000e00       0x20 d:/arm/atollic/truestudio/truestudio for stm32 9.1.0/armtools/bin/../lib/gcc/arm-atollic-eabi/6.3.1/../../../../arm-atollic-eabi/lib/armv7-m\libnosys.a(read.o)
 .debug_frame   0x00000e20       0x20 d:/arm/atollic/truestudio/truestudio for stm32 9.1.0/armtools/bin/../lib/gcc/arm-atollic-eabi/6.3.1/../../../../arm-atollic-eabi/lib/armv7-m\libnosys.a(sbrk.o)

.debug_loc      0x00000000      0xd99
 .debug_loc     0x00000000       0x8a Core\Src\main.o
 .debug_loc     0x0000008a       0xcd Core\Src\system_stm32f1xx.o
 .debug_loc     0x00000157       0x69 Drivers\STM32F1xx_HAL_Driver\Src\stm32f1xx_hal.o
 .debug_loc     0x000001c0      0x46b Drivers\STM32F1xx_HAL_Driver\Src\stm32f1xx_hal_cortex.o
 .debug_loc     0x0000062b      0x36a Drivers\STM32F1xx_HAL_Driver\Src\stm32f1xx_hal_gpio.o
 .debug_loc     0x00000995      0x404 Drivers\STM32F1xx_HAL_Driver\Src\stm32f1xx_hal_rcc.o

.stab           0x00000000       0x84
 .stab          0x00000000       0x24 d:/arm/atollic/truestudio/truestudio for stm32 9.1.0/armtools/bin/../lib/gcc/arm-atollic-eabi/6.3.1/../../../../arm-atollic-eabi/lib/armv7-m\libnosys.a(close.o)
 .stab          0x00000024       0x18 d:/arm/atollic/truestudio/truestudio for stm32 9.1.0/armtools/bin/../lib/gcc/arm-atollic-eabi/6.3.1/../../../../arm-atollic-eabi/lib/armv7-m\libnosys.a(fstat.o)
                                 0x24 (size before relaxing)
 .stab          0x0000003c       0x18 d:/arm/atollic/truestudio/truestudio for stm32 9.1.0/armtools/bin/../lib/gcc/arm-atollic-eabi/6.3.1/../../../../arm-atollic-eabi/lib/armv7-m\libnosys.a(isatty.o)
                                 0x24 (size before relaxing)
 .stab          0x00000054       0x18 d:/arm/atollic/truestudio/truestudio for stm32 9.1.0/armtools/bin/../lib/gcc/arm-atollic-eabi/6.3.1/../../../../arm-atollic-eabi/lib/armv7-m\libnosys.a(lseek.o)
                                 0x24 (size before relaxing)
 .stab          0x0000006c       0x18 d:/arm/atollic/truestudio/truestudio for stm32 9.1.0/armtools/bin/../lib/gcc/arm-atollic-eabi/6.3.1/../../../../arm-atollic-eabi/lib/armv7-m\libnosys.a(read.o)
                                 0x24 (size before relaxing)

.stabstr        0x00000000      0x117
 .stabstr       0x00000000      0x117 d:/arm/atollic/truestudio/truestudio for stm32 9.1.0/armtools/bin/../lib/gcc/arm-atollic-eabi/6.3.1/../../../../arm-atollic-eabi/lib/armv7-m\libnosys.a(close.o)
