stm32f1xx_hal.c:216:13:HAL_MspInit	0	static
stm32f1xx_hal.c:227:13:HAL_MspDeInit	0	static
stm32f1xx_hal.c:191:19:HAL_DeInit	8	static
stm32f1xx_hal.c:250:26:HAL_InitTick	8	static
stm32f1xx_hal.c:158:19:HAL_Init	8	static
stm32f1xx_hal.c:298:13:HAL_IncTick	0	static
stm32f1xx_hal.c:309:17:HAL_GetTick	0	static
stm32f1xx_hal.c:325:13:HAL_Delay	24	static
stm32f1xx_hal.c:351:13:HAL_SuspendTick	0	static
stm32f1xx_hal.c:367:13:HAL_ResumeTick	0	static
stm32f1xx_hal.c:377:10:HAL_GetHalVersion	0	static
stm32f1xx_hal.c:393:10:HAL_GetREVID	0	static
stm32f1xx_hal.c:409:10:HAL_GetDEVID	0	static
stm32f1xx_hal.c:418:6:HAL_DBGMCU_EnableDBGSleepMode	0	static
stm32f1xx_hal.c:434:6:HAL_DBGMCU_DisableDBGSleepMode	0	static
stm32f1xx_hal.c:464:6:HAL_DBGMCU_EnableDBGStopMode	0	static
stm32f1xx_hal.c:480:6:HAL_DBGMCU_DisableDBGStopMode	0	static
stm32f1xx_hal.c:496:6:HAL_DBGMCU_EnableDBGStandbyMode	0	static
stm32f1xx_hal.c:512:6:HAL_DBGMCU_DisableDBGStandbyMode	0	static
stm32f1xx_hal.c:522:6:HAL_GetUID	0	static
